[17:49:01] [main/INFO] ========================================
[17:49:01] [main/INFO] Minecraft: 1.21.8
[17:49:01] [main/INFO] Side: server
[17:49:01] [main/INFO] Development: false
[17:49:01] [main/INFO] Version: 20.0.811
[17:49:01] [main/INFO] Loader:
[17:49:01] [main/INFO] - Fabric: 0.17.2
[17:49:01] [main/INFO] - Fabric API: 0.134.0+1.21.8
[17:49:01] [main/INFO] Dependencies:
[17:49:01] [main/INFO] - Cloth Config: 19.0.147
[17:49:01] [main/INFO] - Architectury: 17.0.8
[17:49:01] [main/INFO] Mixin: 0.8.7
[17:49:01] [main/INFO] OS: Linux 6.8.0-1030-azure (amd64)
[17:49:01] [main/INFO] Java: 21.0.7 (Microsoft)
[17:49:01] [main/INFO] ========================================
[17:49:01] [main/INFO] Mods:
[17:49:01] [main/INFO] - additionalstructures: 5.1.3-fabric
[17:49:01] [main/INFO] - architectury: 17.0.8
[17:49:01] [main/INFO] - balm: 21.8.9
[17:49:01] [main/INFO] - biomesoplenty: 21.8.0.14
[17:49:01] [main/INFO] - blue_endless_jankson: 1.2.3
[17:49:01] [main/INFO] - c2me: 0.3.4.0.0+1.21.8
[17:49:01] [main/INFO] - c2me-base: 0.3.4.0.0+1.21.8
[17:49:01] [main/INFO] - c2me-fixes-chunkio-threading-issues: 0.3.4.0.0+1.21.8
[17:49:01] [main/INFO] - c2me-fixes-general-threading-issues: 0.3.4.0.0+1.21.8
[17:49:01] [main/INFO] - c2me-fixes-worldgen-threading-issues: 0.3.4.0.0+1.21.8
[17:49:01] [main/INFO] - c2me-fixes-worldgen-vanilla-bugs: 0.3.4.0.0+1.21.8
[17:49:01] [main/INFO] - c2me-notickvd: 0.3.4.0.0+1.21.8
[17:49:01] [main/INFO] - c2me-opts-allocs: 0.3.4.0.0+1.21.8
[17:49:01] [main/INFO] - c2me-opts-chunkio: 0.3.4.0.0+1.21.8
[17:49:01] [main/INFO] - c2me-opts-dfc: 0.3.4.0.0+1.21.8
[17:49:01] [main/INFO] - c2me-opts-math: 0.3.4.0.0+1.21.8
[17:49:01] [main/INFO] - c2me-opts-scheduling: 0.3.4.0.0+1.21.8
[17:49:01] [main/INFO] - c2me-opts-worldgen-general: 0.3.4.0.0+1.21.8
[17:49:01] [main/INFO] - c2me-opts-worldgen-vanilla: 0.3.4.0.0+1.21.8
[17:49:01] [main/INFO] - c2me-rewrites-chunk-serializer: 0.3.4.0.0+1.21.8
[17:49:01] [main/INFO] - c2me-rewrites-chunk-system: 0.3.4.0.0+1.21.8
[17:49:01] [main/INFO] - c2me-rewrites-chunkio: 0.3.4.0.0+1.21.8
[17:49:01] [main/INFO] - c2me-server-utils: 0.3.4.0.0+1.21.8
[17:49:01] [main/INFO] - c2me-threading-lighting: 0.3.4.0.0+1.21.8
[17:49:01] [main/INFO] - cardinal-components: 7.0.0-beta.1
[17:49:01] [main/INFO] - cardinal-components-base: 7.0.0-beta.1
[17:49:01] [main/INFO] - cardinal-components-block: 7.0.0-beta.1
[17:49:01] [main/INFO] - cardinal-components-chunk: 7.0.0-beta.1
[17:49:01] [main/INFO] - cardinal-components-entity: 7.0.0-beta.1
[17:49:01] [main/INFO] - cardinal-components-item: 7.0.0-beta.1
[17:49:01] [main/INFO] - cardinal-components-level: 7.0.0-beta.1
[17:49:01] [main/INFO] - cardinal-components-scoreboard: 7.0.0-beta.1
[17:49:01] [main/INFO] - cardinal-components-world: 7.0.0-beta.1
[17:49:01] [main/INFO] - cloth-basic-math: 0.6.1
[17:49:01] [main/INFO] - cloth-config: 19.0.147
[17:49:01] [main/INFO] - cloth-config: 19.0.147
[17:49:01] [main/INFO] - com_electronwill_night-config_core: 3.6.7
[17:49:01] [main/INFO] - com_electronwill_night-config_toml: 3.6.7
[17:49:01] [main/INFO] - com_ibm_async_asyncutil: 0.1.0
[17:49:01] [main/INFO] - creativecore: 2.14.7
[17:49:01] [main/INFO] - cristellib: 2.0.3
[17:49:01] [main/INFO] - error_notifier: 1.0.11
[17:49:01] [main/INFO] - fabric-api: 0.134.0+1.21.8
[17:49:01] [main/INFO] - fabric-api: 0.134.0+1.21.8
[17:49:01] [main/INFO] - fabric-api-base: 0.5.0+cd8c0daa2c
[17:49:01] [main/INFO] - fabric-api-lookup-api-v1: 1.6.101+946bf4c32c
[17:49:01] [main/INFO] - fabric-biome-api-v1: 16.1.0+c21d71cc2c
[17:49:01] [main/INFO] - fabric-block-api-v1: 1.1.3+946bf4c32c
[17:49:01] [main/INFO] - fabric-block-view-api-v2: 1.0.31+946bf4c32c
[17:49:01] [main/INFO] - fabric-command-api-v2: 2.3.1+52fff9ec2c
[17:49:01] [main/INFO] - fabric-content-registries-v0: 10.1.0+c75de69d2c
[17:49:01] [main/INFO] - fabric-convention-tags-v1: 2.1.41+7f945d5b2c
[17:49:01] [main/INFO] - fabric-convention-tags-v2: 2.15.6+eb5df52f2c
[17:49:01] [main/INFO] - fabric-crash-report-info-v1: 0.3.15+946bf4c32c
[17:49:01] [main/INFO] - fabric-data-attachment-api-v1: 1.8.13+38b5f74e2c
[17:49:01] [main/INFO] - fabric-data-generation-api-v1: 23.2.7+2e1c6d322c
[17:49:01] [main/INFO] - fabric-dimensions-v1: 4.0.20+948fc79a2c
[17:49:01] [main/INFO] - fabric-entity-events-v1: 2.1.2+c9e472732c
[17:49:01] [main/INFO] - fabric-events-interaction-v0: 4.0.25+946bf4c32c
[17:49:01] [main/INFO] - fabric-game-rule-api-v1: 1.0.73+c64c9c5b2c
[17:49:01] [main/INFO] - fabric-item-api-v1: 11.5.0+02ce13f42c
[17:49:01] [main/INFO] - fabric-item-group-api-v1: 4.2.14+c5f9bbc12c
[17:49:01] [main/INFO] - fabric-lifecycle-events-v1: 2.6.4+db4dfd852c
[17:49:01] [main/INFO] - fabric-loot-api-v2: 3.0.56+3f89f5a52c
[17:49:01] [main/INFO] - fabric-loot-api-v3: 2.0.3+946bf4c32c
[17:49:01] [main/INFO] - fabric-message-api-v1: 6.1.2+946bf4c32c
[17:49:01] [main/INFO] - fabric-networking-api-v1: 5.0.3+4ddbf91b2c
[17:49:01] [main/INFO] - fabric-object-builder-api-v1: 21.1.9+946bf4c32c
[17:49:01] [main/INFO] - fabric-particles-v1: 4.1.9+946bf4c32c
[17:49:01] [main/INFO] - fabric-recipe-api-v1: 8.1.16+946bf4c32c
[17:49:01] [main/INFO] - fabric-registry-sync-v0: 6.1.29+946bf4c32c
[17:49:01] [main/INFO] - fabric-rendering-fluids-v1: 3.1.31+fa6cb72b2c
[17:49:01] [main/INFO] - fabric-resource-conditions-api-v1: 5.0.25+98e6d6db2c
[17:49:01] [main/INFO] - fabric-resource-loader-v0: 3.1.12+020423442c
[17:49:01] [main/INFO] - fabric-screen-handler-api-v1: 1.3.138+946bf4c32c
[17:49:01] [main/INFO] - fabric-serialization-api-v1: 1.0.0+fc0e5aba2c
[17:49:01] [main/INFO] - fabric-tag-api-v1: 1.2.2+946bf4c32c
[17:49:01] [main/INFO] - fabric-transfer-api-v1: 6.0.6+946bf4c32c
[17:49:01] [main/INFO] - fabric-transitive-access-wideners-v1: 6.5.0+c847ce762c
[17:49:01] [main/INFO] - fabricloader: 0.17.2
[17:49:01] [main/INFO] - glitchcore: 21.8.0.0
[17:49:01] [main/INFO] - io_reactivex_rxjava3_rxjava: 3.1.8
[17:49:01] [main/INFO] - java: 21
[17:49:01] [main/INFO] - kuma_api: 21.8.5
[17:49:01] [main/INFO] - lithium: 0.18.1+mc1.21.8
[17:49:01] [main/INFO] - lithostitched: 1.4.11
[17:49:01] [main/INFO] - lootr: fabric-1.21.8-1.16.39.95
[17:49:01] [main/INFO] - minecart-trains: 1.0.0
[17:49:01] [main/INFO] - minecraft: 1.21.8
[17:49:01] [main/INFO] - mixinextras: 0.5.0
[17:49:01] [main/INFO] - mixinsquared: 0.2.0-beta.6
[17:49:01] [main/INFO] - mo_glass: 1.11-MC1.21.8
[17:49:01] [main/INFO] - mr_rail_reciperebalance: 0.1.0
[17:49:01] [main/INFO] - net_jodah_typetools: 0.6.3
[17:49:01] [main/INFO] - net_neoforged_bus: 7.2.0
[17:49:01] [main/INFO] - net_objecthunter_exp4j: 0.4.8
[17:49:01] [main/INFO] - org_jctools_jctools-core: 4.0.5
[17:49:01] [main/INFO] - org_reactivestreams_reactive-streams: 1.0.4
[17:49:01] [main/INFO] - roughlyenoughitems: 20.0.811
[17:49:01] [main/INFO] - t_and_t: 1.13.5
[17:49:01] [main/INFO] - tectonic: 3.0.13
[17:49:01] [main/INFO] - terrablender: 6.0.0.3
[17:49:01] [main/INFO] - tool_trims: 2.3.4
[17:49:01] [main/INFO] - travelersbackpack: 10.8.3
[17:49:01] [main/INFO] - waystones: 21.8.5
[17:49:01] [main/INFO] - xaerominimap: 25.2.12
[17:49:01] [main/INFO] - xaeroworldmap: 1.39.13
[17:49:01] [main/INFO] ========================================
[17:49:01] [main/INFO] [REI] Registered plugin provider DefaultPlugin [roughlyenoughitems] for REICommonPlugin
[17:49:01] [main/INFO] [REI] Registered plugin provider DefaultRuntimePlugin [roughlyenoughitems] for REICommonPlugin
[17:49:01] [main/INFO] [REI] Registered plugin provider FabricFluidAPISupportPlugin for REICommonPlugin
[17:49:03] [main/DEBUG] [REI] Processed 5 tags in 531.2 μs for minecraft:game_event
[17:49:03] [main/DEBUG] [REI] Processed 576 tags in 3.306 ms for minecraft:item
[17:49:03] [main/DEBUG] [REI] Processed 367 tags in 1.674 ms for minecraft:block
[17:49:03] [main/DEBUG] [REI] Processed 2 tags in 44.66 μs for minecraft:block_entity_type
[17:49:03] [main/DEBUG] [REI] Processed 46 tags in 107.1 μs for minecraft:entity_type
[17:49:03] [main/DEBUG] [REI] Processed 7 tags in 20.44 μs for minecraft:fluid
[17:49:03] [main/DEBUG] [REI] Processed 3 tags in 30.08 μs for minecraft:point_of_interest_type
[17:49:17] [Server thread/DEBUG] [REI] Starting Reload Plugins of stage null
java.lang.Throwable
	at knot//me.shedaniel.rei.impl.common.plugins.ReloadManagerImpl.reloadPlugins(ReloadManagerImpl.java:110)
	at knot//me.shedaniel.rei.RoughlyEnoughItemsCore.lambda$onInitialize$5(RoughlyEnoughItemsCore.java:157)
	at knot//dev.architectury.event.fabric.EventHandlerImpl.lambda$registerCommon$10(EventHandlerImpl.java:67)
	at knot//net.fabricmc.fabric.api.event.lifecycle.v1.ServerLifecycleEvents.lambda$static$2(ServerLifecycleEvents.java:49)
	at knot//net.minecraft.server.MinecraftServer.handler$baf000$fabric-lifecycle-events-v1$afterSetupServer(MinecraftServer.java:4702)
	at knot//net.minecraft.server.MinecraftServer.method_29741(MinecraftServer.java:676)
	at knot//net.minecraft.server.MinecraftServer.method_29739(MinecraftServer.java:291)
	at java.base/java.lang.Thread.run(Thread.java:1583)
[17:49:17] [Server thread/DEBUG] [REI] ========================================
[17:49:17] [Server thread/DEBUG] [REI] REICommonPlugin starting pre-reload for START.
[17:49:17] [Server thread/DEBUG] [REI] Reloadables (8):
[17:49:17] [Server thread/DEBUG] [REI]  - SlotAccessorRegistryImpl
[17:49:17] [Server thread/DEBUG] [REI]  - EntryTypeRegistryImpl
[17:49:17] [Server thread/DEBUG] [REI]  - EntrySettingsAdapterRegistryImpl
[17:49:17] [Server thread/DEBUG] [REI]  - ItemComparatorRegistryImpl
[17:49:17] [Server thread/DEBUG] [REI]  - FluidComparatorRegistryImpl
[17:49:17] [Server thread/DEBUG] [REI]  - DisplaySerializerRegistryImpl
[17:49:17] [Server thread/DEBUG] [REI]  - ServerDisplayRegistryImpl
[17:49:17] [Server thread/DEBUG] [REI]  - FluidSupportProviderImpl
[17:49:17] [Server thread/DEBUG] [REI] Plugins (3):
[17:49:17] [Server thread/DEBUG] [REI]  - (-100.00) DefaultPlugin of DefaultPlugin [roughlyenoughitems]
[17:49:17] [Server thread/DEBUG] [REI]  - (0.00) FabricFluidAPISupportPlugin
[17:49:17] [Server thread/DEBUG] [REI]  - (0.00) DefaultRuntimePlugin of DefaultRuntimePlugin [roughlyenoughitems]
[17:49:17] [Server thread/DEBUG] [REI] ========================================
[17:49:17] [Server thread/TRACE] [REI] [REICommonPlugin START] Reloading Section: "pre-register/"
[17:49:17] [Server thread/TRACE] [REI] [REICommonPlugin START] Reloading Section: "pre-register/DefaultPlugin of DefaultPlugin [roughlyenoughitems]/"
[17:49:17] [Server thread/TRACE] [REI] [REICommonPlugin START] Reloading Section: "pre-register/DefaultPlugin of DefaultPlugin [roughlyenoughitems]/" done in 673.3 μs
[17:49:17] [Server thread/TRACE] [REI] [REICommonPlugin START] Reloading Section: "pre-register/FabricFluidAPISupportPlugin/"
[17:49:17] [Server thread/TRACE] [REI] [REICommonPlugin START] Reloading Section: "pre-register/FabricFluidAPISupportPlugin/" done in 61.00 μs
[17:49:17] [Server thread/TRACE] [REI] [REICommonPlugin START] Reloading Section: "pre-register/DefaultRuntimePlugin of DefaultRuntimePlugin [roughlyenoughitems]/"
[17:49:17] [Server thread/TRACE] [REI] [REICommonPlugin START] Reloading Section: "pre-register/DefaultRuntimePlugin of DefaultRuntimePlugin [roughlyenoughitems]/" done in 36.98 μs
[17:49:17] [Server thread/TRACE] [REI] [REICommonPlugin START] Reloading Section: "pre-register/" done in 6.381 ms
[17:49:17] [Server thread/TRACE] [REI] [REICommonPlugin START] Reloading Section: "pre-stage/"
[17:49:17] [Server thread/TRACE] [REI] [REICommonPlugin START] Reloading Section: "pre-stage/SlotAccessorRegistryImpl/"
[17:49:17] [Server thread/TRACE] [REI] [REICommonPlugin START] Reloading Section: "pre-stage/SlotAccessorRegistryImpl/" done in 184.2 μs
[17:49:17] [Server thread/TRACE] [REI] [REICommonPlugin START] Reloading Section: "pre-stage/EntryTypeRegistryImpl/"
[17:49:17] [Server thread/TRACE] [REI] [REICommonPlugin START] Reloading Section: "pre-stage/EntryTypeRegistryImpl/" done in 34.38 μs
[17:49:17] [Server thread/TRACE] [REI] [REICommonPlugin START] Reloading Section: "pre-stage/EntrySettingsAdapterRegistryImpl/"
[17:49:17] [Server thread/TRACE] [REI] [REICommonPlugin START] Reloading Section: "pre-stage/EntrySettingsAdapterRegistryImpl/" done in 29.04 μs
[17:49:17] [Server thread/TRACE] [REI] [REICommonPlugin START] Reloading Section: "pre-stage/ItemComparatorRegistryImpl/"
[17:49:17] [Server thread/TRACE] [REI] [REICommonPlugin START] Reloading Section: "pre-stage/ItemComparatorRegistryImpl/" done in 35.16 μs
[17:49:17] [Server thread/TRACE] [REI] [REICommonPlugin START] Reloading Section: "pre-stage/FluidComparatorRegistryImpl/"
[17:49:17] [Server thread/TRACE] [REI] [REICommonPlugin START] Reloading Section: "pre-stage/FluidComparatorRegistryImpl/" done in 47.82 μs
[17:49:17] [Server thread/TRACE] [REI] [REICommonPlugin START] Reloading Section: "pre-stage/DisplaySerializerRegistryImpl/"
[17:49:17] [Server thread/TRACE] [REI] [REICommonPlugin START] Reloading Section: "pre-stage/DisplaySerializerRegistryImpl/" done in 56.09 μs
[17:49:17] [Server thread/TRACE] [REI] [REICommonPlugin START] Reloading Section: "pre-stage/ServerDisplayRegistryImpl/"
[17:49:17] [Server thread/TRACE] [REI] [REICommonPlugin START] Reloading Section: "pre-stage/ServerDisplayRegistryImpl/" done in 51.80 μs
[17:49:17] [Server thread/TRACE] [REI] [REICommonPlugin START] Reloading Section: "pre-stage/FluidSupportProviderImpl/"
[17:49:17] [Server thread/TRACE] [REI] [REICommonPlugin START] Reloading Section: "pre-stage/FluidSupportProviderImpl/" done in 50.68 μs
[17:49:17] [Server thread/TRACE] [REI] [REICommonPlugin START] Reloading Section: "pre-stage/" done in 1.362 ms
[17:49:17] [Server thread/DEBUG] [REI] ========================================
[17:49:17] [Server thread/DEBUG] [REI] REICommonPlugin finished pre-reload for START in 8.074 ms.
[17:49:17] [Server thread/DEBUG] [REI] ========================================
[17:49:17] [Server thread/INFO] [REI] ========================================
[17:49:17] [Server thread/INFO] [REI] REICommonPlugin starting main-reload for START.
[17:49:17] [Server thread/DEBUG] [REI] Reloadables (8):
[17:49:17] [Server thread/DEBUG] [REI]  - SlotAccessorRegistryImpl
[17:49:17] [Server thread/DEBUG] [REI]  - EntryTypeRegistryImpl
[17:49:17] [Server thread/DEBUG] [REI]  - EntrySettingsAdapterRegistryImpl
[17:49:17] [Server thread/DEBUG] [REI]  - ItemComparatorRegistryImpl
[17:49:17] [Server thread/DEBUG] [REI]  - FluidComparatorRegistryImpl
[17:49:17] [Server thread/DEBUG] [REI]  - DisplaySerializerRegistryImpl
[17:49:17] [Server thread/DEBUG] [REI]  - ServerDisplayRegistryImpl
[17:49:17] [Server thread/DEBUG] [REI]  - FluidSupportProviderImpl
[17:49:17] [Server thread/INFO] [REI] Plugins (3):
[17:49:17] [Server thread/INFO] [REI]  - (-100.00) DefaultPlugin of DefaultPlugin [roughlyenoughitems]
[17:49:17] [Server thread/INFO] [REI]  - (0.00) FabricFluidAPISupportPlugin
[17:49:17] [Server thread/INFO] [REI]  - (0.00) DefaultRuntimePlugin of DefaultRuntimePlugin [roughlyenoughitems]
[17:49:17] [Server thread/INFO] [REI] ========================================
[17:49:17] [Server thread/TRACE] [REI] [REICommonPlugin START] Reloading Section: "start-reload/"
[17:49:17] [Server thread/TRACE] [REI] [REICommonPlugin START] Reloading Section: "start-reload/SlotAccessorRegistryImpl/"
[17:49:17] [Server thread/TRACE] [REI] [REICommonPlugin START] Reloading Section: "start-reload/SlotAccessorRegistryImpl/" done in 63.71 μs
[17:49:17] [Server thread/TRACE] [REI] [REICommonPlugin START] Reloading Section: "start-reload/EntryTypeRegistryImpl/"
[17:49:17] [Server thread/TRACE] [REI] [REICommonPlugin START] Reloading Section: "start-reload/EntryTypeRegistryImpl/" done in 66.62 μs
[17:49:17] [Server thread/TRACE] [REI] [REICommonPlugin START] Reloading Section: "start-reload/EntrySettingsAdapterRegistryImpl/"
[17:49:17] [Server thread/TRACE] [REI] [REICommonPlugin START] Reloading Section: "start-reload/EntrySettingsAdapterRegistryImpl/" done in 29.59 μs
[17:49:17] [Server thread/TRACE] [REI] [REICommonPlugin START] Reloading Section: "start-reload/ItemComparatorRegistryImpl/"
[17:49:17] [Server thread/TRACE] [REI] [REICommonPlugin START] Reloading Section: "start-reload/ItemComparatorRegistryImpl/" done in 63.29 μs
[17:49:17] [Server thread/TRACE] [REI] [REICommonPlugin START] Reloading Section: "start-reload/FluidComparatorRegistryImpl/"
[17:49:17] [Server thread/TRACE] [REI] [REICommonPlugin START] Reloading Section: "start-reload/FluidComparatorRegistryImpl/" done in 54.01 μs
[17:49:17] [Server thread/TRACE] [REI] [REICommonPlugin START] Reloading Section: "start-reload/DisplaySerializerRegistryImpl/"
[17:49:17] [Server thread/TRACE] [REI] [REICommonPlugin START] Reloading Section: "start-reload/DisplaySerializerRegistryImpl/" done in 55.65 μs
[17:49:17] [Server thread/TRACE] [REI] [REICommonPlugin START] Reloading Section: "start-reload/ServerDisplayRegistryImpl/"
[17:49:17] [Server thread/TRACE] [REI] [REICommonPlugin START] Reloading Section: "start-reload/ServerDisplayRegistryImpl/" done in 33.34 μs
[17:49:17] [Server thread/TRACE] [REI] [REICommonPlugin START] Reloading Section: "start-reload/FluidSupportProviderImpl/"
[17:49:17] [Server thread/TRACE] [REI] [REICommonPlugin START] Reloading Section: "start-reload/FluidSupportProviderImpl/" done in 73.94 μs
[17:49:17] [Server thread/TRACE] [REI] [REICommonPlugin START] Reloading Section: "start-reload/" done in 1.385 ms
[17:49:17] [Server thread/DEBUG] [REI] ========================================
[17:49:17] [Server thread/DEBUG] [REI] REICommonPlugin started main-reload for START.
[17:49:17] [Server thread/DEBUG] [REI] ========================================
[17:49:17] [Server thread/TRACE] [REI] [REICommonPlugin START] Reloading Section: "reloadable-plugin/SlotAccessorRegistryImpl/"
[17:49:17] [Server thread/TRACE] [REI] [REICommonPlugin START] Reloading Section: "reloadable-plugin/SlotAccessorRegistryImpl/DefaultPlugin of DefaultPlugin [roughlyenoughitems]/"
[17:49:17] [Server thread/TRACE] [REI] [REICommonPlugin START] Reloading Section: "reloadable-plugin/SlotAccessorRegistryImpl/DefaultPlugin of DefaultPlugin [roughlyenoughitems]/" done in 225.7 μs
[17:49:17] [Server thread/TRACE] [REI] [REICommonPlugin START] Reloading Section: "reloadable-plugin/SlotAccessorRegistryImpl/FabricFluidAPISupportPlugin/"
[17:49:17] [Server thread/TRACE] [REI] [REICommonPlugin START] Reloading Section: "reloadable-plugin/SlotAccessorRegistryImpl/FabricFluidAPISupportPlugin/" done in 36.72 μs
[17:49:17] [Server thread/TRACE] [REI] [REICommonPlugin START] Reloading Section: "reloadable-plugin/SlotAccessorRegistryImpl/DefaultRuntimePlugin of DefaultRuntimePlugin [roughlyenoughitems]/"
[17:49:17] [Server thread/TRACE] [REI] [REICommonPlugin START] Reloading Section: "reloadable-plugin/SlotAccessorRegistryImpl/DefaultRuntimePlugin of DefaultRuntimePlugin [roughlyenoughitems]/" done in 45.04 μs
[17:49:17] [Server thread/TRACE] [REI] [REICommonPlugin START] Reloading Section: "reloadable-plugin/SlotAccessorRegistryImpl/" done in 981.2 μs
[17:49:17] [Server thread/TRACE] [REI] [REICommonPlugin START] Reloading Section: "reloadable-plugin/EntryTypeRegistryImpl/"
[17:49:17] [Server thread/TRACE] [REI] [REICommonPlugin START] Reloading Section: "reloadable-plugin/EntryTypeRegistryImpl/DefaultPlugin of DefaultPlugin [roughlyenoughitems]/"
[17:49:17] [Server thread/TRACE] [REI] [REICommonPlugin START] Reloading Section: "reloadable-plugin/EntryTypeRegistryImpl/DefaultPlugin of DefaultPlugin [roughlyenoughitems]/" done in 37.60 μs
[17:49:17] [Server thread/TRACE] [REI] [REICommonPlugin START] Reloading Section: "reloadable-plugin/EntryTypeRegistryImpl/FabricFluidAPISupportPlugin/"
[17:49:17] [Server thread/TRACE] [REI] [REICommonPlugin START] Reloading Section: "reloadable-plugin/EntryTypeRegistryImpl/FabricFluidAPISupportPlugin/" done in 54.09 μs
[17:49:17] [Server thread/TRACE] [REI] [REICommonPlugin START] Reloading Section: "reloadable-plugin/EntryTypeRegistryImpl/DefaultRuntimePlugin of DefaultRuntimePlugin [roughlyenoughitems]/"
[17:49:17] [Server thread/TRACE] [REI] [REICommonPlugin START] Reloading Section: "reloadable-plugin/EntryTypeRegistryImpl/DefaultRuntimePlugin of DefaultRuntimePlugin [roughlyenoughitems]/" done in 3.914 ms
[17:49:17] [Server thread/TRACE] [REI] [REICommonPlugin START] Reloading Section: "reloadable-plugin/EntryTypeRegistryImpl/" done in 4.367 ms
[17:49:17] [Server thread/TRACE] [REI] [REICommonPlugin START] Reloading Section: "reloadable-plugin/EntrySettingsAdapterRegistryImpl/"
[17:49:17] [Server thread/TRACE] [REI] [REICommonPlugin START] Reloading Section: "reloadable-plugin/EntrySettingsAdapterRegistryImpl/DefaultPlugin of DefaultPlugin [roughlyenoughitems]/"
[17:49:17] [Server thread/TRACE] [REI] [REICommonPlugin START] Reloading Section: "reloadable-plugin/EntrySettingsAdapterRegistryImpl/DefaultPlugin of DefaultPlugin [roughlyenoughitems]/" done in 35.98 μs
[17:49:17] [Server thread/TRACE] [REI] [REICommonPlugin START] Reloading Section: "reloadable-plugin/EntrySettingsAdapterRegistryImpl/FabricFluidAPISupportPlugin/"
[17:49:17] [Server thread/TRACE] [REI] [REICommonPlugin START] Reloading Section: "reloadable-plugin/EntrySettingsAdapterRegistryImpl/FabricFluidAPISupportPlugin/" done in 51.58 μs
[17:49:17] [Server thread/TRACE] [REI] [REICommonPlugin START] Reloading Section: "reloadable-plugin/EntrySettingsAdapterRegistryImpl/DefaultRuntimePlugin of DefaultRuntimePlugin [roughlyenoughitems]/"
[17:49:17] [Server thread/TRACE] [REI] [REICommonPlugin START] Reloading Section: "reloadable-plugin/EntrySettingsAdapterRegistryImpl/DefaultRuntimePlugin of DefaultRuntimePlugin [roughlyenoughitems]/" done in 52.06 μs
[17:49:17] [Server thread/TRACE] [REI] [REICommonPlugin START] Reloading Section: "reloadable-plugin/EntrySettingsAdapterRegistryImpl/" done in 494.4 μs
[17:49:17] [Server thread/TRACE] [REI] [REICommonPlugin START] Reloading Section: "reloadable-plugin/ItemComparatorRegistryImpl/"
[17:49:17] [Server thread/TRACE] [REI] [REICommonPlugin START] Reloading Section: "reloadable-plugin/ItemComparatorRegistryImpl/DefaultPlugin of DefaultPlugin [roughlyenoughitems]/"
[17:49:17] [Server thread/TRACE] [REI] [REICommonPlugin START] Reloading Section: "reloadable-plugin/ItemComparatorRegistryImpl/DefaultPlugin of DefaultPlugin [roughlyenoughitems]/" done in 725.9 μs
[17:49:17] [Server thread/TRACE] [REI] [REICommonPlugin START] Reloading Section: "reloadable-plugin/ItemComparatorRegistryImpl/FabricFluidAPISupportPlugin/"
[17:49:17] [Server thread/TRACE] [REI] [REICommonPlugin START] Reloading Section: "reloadable-plugin/ItemComparatorRegistryImpl/FabricFluidAPISupportPlugin/" done in 59.33 μs
[17:49:17] [Server thread/TRACE] [REI] [REICommonPlugin START] Reloading Section: "reloadable-plugin/ItemComparatorRegistryImpl/DefaultRuntimePlugin of DefaultRuntimePlugin [roughlyenoughitems]/"
[17:49:17] [Server thread/TRACE] [REI] [REICommonPlugin START] Reloading Section: "reloadable-plugin/ItemComparatorRegistryImpl/DefaultRuntimePlugin of DefaultRuntimePlugin [roughlyenoughitems]/" done in 48.28 μs
[17:49:17] [Server thread/TRACE] [REI] [REICommonPlugin START] Reloading Section: "reloadable-plugin/ItemComparatorRegistryImpl/" done in 1.315 ms
[17:49:17] [Server thread/TRACE] [REI] [REICommonPlugin START] Reloading Section: "reloadable-plugin/FluidComparatorRegistryImpl/"
[17:49:17] [Server thread/TRACE] [REI] [REICommonPlugin START] Reloading Section: "reloadable-plugin/FluidComparatorRegistryImpl/DefaultPlugin of DefaultPlugin [roughlyenoughitems]/"
[17:49:17] [Server thread/TRACE] [REI] [REICommonPlugin START] Reloading Section: "reloadable-plugin/FluidComparatorRegistryImpl/DefaultPlugin of DefaultPlugin [roughlyenoughitems]/" done in 62.06 μs
[17:49:17] [Server thread/TRACE] [REI] [REICommonPlugin START] Reloading Section: "reloadable-plugin/FluidComparatorRegistryImpl/FabricFluidAPISupportPlugin/"
[17:49:17] [Server thread/TRACE] [REI] [REICommonPlugin START] Reloading Section: "reloadable-plugin/FluidComparatorRegistryImpl/FabricFluidAPISupportPlugin/" done in 57.14 μs
[17:49:17] [Server thread/TRACE] [REI] [REICommonPlugin START] Reloading Section: "reloadable-plugin/FluidComparatorRegistryImpl/DefaultRuntimePlugin of DefaultRuntimePlugin [roughlyenoughitems]/"
[17:49:17] [Server thread/TRACE] [REI] [REICommonPlugin START] Reloading Section: "reloadable-plugin/FluidComparatorRegistryImpl/DefaultRuntimePlugin of DefaultRuntimePlugin [roughlyenoughitems]/" done in 49.12 μs
[17:49:17] [Server thread/TRACE] [REI] [REICommonPlugin START] Reloading Section: "reloadable-plugin/FluidComparatorRegistryImpl/" done in 536.8 μs
[17:49:17] [Server thread/TRACE] [REI] [REICommonPlugin START] Reloading Section: "reloadable-plugin/DisplaySerializerRegistryImpl/"
[17:49:17] [Server thread/TRACE] [REI] [REICommonPlugin START] Reloading Section: "reloadable-plugin/DisplaySerializerRegistryImpl/DefaultPlugin of DefaultPlugin [roughlyenoughitems]/"
[17:49:17] [Server thread/DEBUG] [REI] Added display serializer [minecraft:client/crafting/shaped] me.shedaniel.rei.api.common.display.DisplaySerializer$1@7c659211
[17:49:17] [Server thread/DEBUG] [REI] Added display serializer [minecraft:client/crafting/shapeless] me.shedaniel.rei.api.common.display.DisplaySerializer$1@84b5810
[17:49:17] [Server thread/DEBUG] [REI] Added display serializer [minecraft:client/smelting] me.shedaniel.rei.api.common.display.DisplaySerializer$1@7b663403
[17:49:17] [Server thread/DEBUG] [REI] Added display serializer [minecraft:client/smoking] me.shedaniel.rei.api.common.display.DisplaySerializer$1@6719ee44
[17:49:17] [Server thread/DEBUG] [REI] Added display serializer [minecraft:client/blasting] me.shedaniel.rei.api.common.display.DisplaySerializer$1@3e8c30df
[17:49:17] [Server thread/DEBUG] [REI] Added display serializer [minecraft:default/crafting/shaped] me.shedaniel.rei.api.common.display.DisplaySerializer$1@2eae634b
[17:49:17] [Server thread/DEBUG] [REI] Added display serializer [minecraft:default/crafting/shapeless] me.shedaniel.rei.api.common.display.DisplaySerializer$1@4cfe9037
[17:49:17] [Server thread/DEBUG] [REI] Added display serializer [minecraft:default/crafting/custom] me.shedaniel.rei.api.common.display.DisplaySerializer$1@2b255210
[17:49:17] [Server thread/DEBUG] [REI] Added display serializer [minecraft:default/crafting/custom_shaped] me.shedaniel.rei.api.common.display.DisplaySerializer$1@c590bbb
[17:49:17] [Server thread/DEBUG] [REI] Added display serializer [minecraft:default/crafting/custom_shapeless] me.shedaniel.rei.api.common.display.DisplaySerializer$1@32b3cb2
[17:49:17] [Server thread/DEBUG] [REI] Added display serializer [minecraft:extension/crafting/map_extending] me.shedaniel.rei.api.common.display.DisplaySerializer$1@7b29911c
[17:49:17] [Server thread/DEBUG] [REI] Added display serializer [minecraft:default/smelting] me.shedaniel.rei.api.common.display.DisplaySerializer$1@2dcc375b
[17:49:17] [Server thread/DEBUG] [REI] Added display serializer [minecraft:default/smoking] me.shedaniel.rei.api.common.display.DisplaySerializer$1@6152fa27
[17:49:17] [Server thread/DEBUG] [REI] Added display serializer [minecraft:default/blasting] me.shedaniel.rei.api.common.display.DisplaySerializer$1@20ca510c
[17:49:17] [Server thread/DEBUG] [REI] Added display serializer [minecraft:default/campfire] me.shedaniel.rei.api.common.display.DisplaySerializer$1@3c38f485
[17:49:17] [Server thread/DEBUG] [REI] Added display serializer [minecraft:default/stone_cutting] me.shedaniel.rei.api.common.display.DisplaySerializer$1@2fc55853
[17:49:17] [Server thread/DEBUG] [REI] Added display serializer [minecraft:default/stripping] me.shedaniel.rei.api.common.display.DisplaySerializer$1@67f64fb
[17:49:17] [Server thread/DEBUG] [REI] Added display serializer [minecraft:default/brewing] me.shedaniel.rei.api.common.display.DisplaySerializer$1@1b66e37e
[17:49:17] [Server thread/DEBUG] [REI] Added display serializer [minecraft:default/composting] me.shedaniel.rei.api.common.display.DisplaySerializer$1@7854a344
[17:49:17] [Server thread/DEBUG] [REI] Added display serializer [minecraft:default/fuel] me.shedaniel.rei.api.common.display.DisplaySerializer$1@2d7921c9
[17:49:17] [Server thread/DEBUG] [REI] Added display serializer [minecraft:default/smithing] me.shedaniel.rei.api.common.display.DisplaySerializer$1@7781b1e1
[17:49:17] [Server thread/DEBUG] [REI] Added display serializer [minecraft:default/smithing/trimming] me.shedaniel.rei.api.common.display.DisplaySerializer$1@4b1a739b
[17:49:17] [Server thread/DEBUG] [REI] Added display serializer [minecraft:default/anvil] me.shedaniel.rei.api.common.display.DisplaySerializer$1@50659225
[17:49:17] [Server thread/DEBUG] [REI] Added display serializer [minecraft:default/beacon_base] me.shedaniel.rei.api.common.display.DisplaySerializer$1@62f60e08
[17:49:17] [Server thread/DEBUG] [REI] Added display serializer [minecraft:default/beacon_payment] me.shedaniel.rei.api.common.display.DisplaySerializer$1@26e5085d
[17:49:17] [Server thread/DEBUG] [REI] Added display serializer [minecraft:default/tilling] me.shedaniel.rei.api.common.display.DisplaySerializer$1@182589ee
[17:49:17] [Server thread/DEBUG] [REI] Added display serializer [minecraft:default/pathing] me.shedaniel.rei.api.common.display.DisplaySerializer$1@4241d8fc
[17:49:17] [Server thread/DEBUG] [REI] Added display serializer [minecraft:default/waxing] me.shedaniel.rei.api.common.display.DisplaySerializer$1@5be630bc
[17:49:17] [Server thread/DEBUG] [REI] Added display serializer [minecraft:default/waxing_scraping] me.shedaniel.rei.api.common.display.DisplaySerializer$1@741abfc7
[17:49:17] [Server thread/DEBUG] [REI] Added display serializer [minecraft:default/oxidizing] me.shedaniel.rei.api.common.display.DisplaySerializer$1@1102162d
[17:49:17] [Server thread/DEBUG] [REI] Added display serializer [minecraft:default/oxidizing_scraping] me.shedaniel.rei.api.common.display.DisplaySerializer$1@4e6f253b
[17:49:17] [Server thread/DEBUG] [REI] Added display serializer [roughlyenoughitems:default/information] me.shedaniel.rei.api.common.display.DisplaySerializer$1@6e4be646
[17:49:17] [Server thread/TRACE] [REI] [REICommonPlugin START] Reloading Section: "reloadable-plugin/DisplaySerializerRegistryImpl/DefaultPlugin of DefaultPlugin [roughlyenoughitems]/" done in 37.81 ms
[17:49:17] [Server thread/TRACE] [REI] [REICommonPlugin START] Reloading Section: "reloadable-plugin/DisplaySerializerRegistryImpl/FabricFluidAPISupportPlugin/"
[17:49:17] [Server thread/TRACE] [REI] [REICommonPlugin START] Reloading Section: "reloadable-plugin/DisplaySerializerRegistryImpl/FabricFluidAPISupportPlugin/" done in 59.76 μs
[17:49:17] [Server thread/TRACE] [REI] [REICommonPlugin START] Reloading Section: "reloadable-plugin/DisplaySerializerRegistryImpl/DefaultRuntimePlugin of DefaultRuntimePlugin [roughlyenoughitems]/"
[17:49:17] [Server thread/TRACE] [REI] [REICommonPlugin START] Reloading Section: "reloadable-plugin/DisplaySerializerRegistryImpl/DefaultRuntimePlugin of DefaultRuntimePlugin [roughlyenoughitems]/" done in 44.19 μs
[17:49:17] [Server thread/TRACE] [REI] [REICommonPlugin START] Reloading Section: "reloadable-plugin/DisplaySerializerRegistryImpl/" done in 38.31 ms
[17:49:17] [Server thread/TRACE] [REI] [REICommonPlugin START] Reloading Section: "reloadable-plugin/ServerDisplayRegistryImpl/"
[17:49:17] [Server thread/TRACE] [REI] [REICommonPlugin START] Reloading Section: "reloadable-plugin/ServerDisplayRegistryImpl/DefaultPlugin of DefaultPlugin [roughlyenoughitems]/"
[17:49:17] [Server thread/TRACE] [REI] [REICommonPlugin START] Reloading Section: "reloadable-plugin/ServerDisplayRegistryImpl/DefaultPlugin of DefaultPlugin [roughlyenoughitems]/" done in 46.30 μs
[17:49:17] [Server thread/TRACE] [REI] [REICommonPlugin START] Reloading Section: "reloadable-plugin/ServerDisplayRegistryImpl/FabricFluidAPISupportPlugin/"
[17:49:17] [Server thread/TRACE] [REI] [REICommonPlugin START] Reloading Section: "reloadable-plugin/ServerDisplayRegistryImpl/FabricFluidAPISupportPlugin/" done in 38.13 μs
[17:49:17] [Server thread/TRACE] [REI] [REICommonPlugin START] Reloading Section: "reloadable-plugin/ServerDisplayRegistryImpl/DefaultRuntimePlugin of DefaultRuntimePlugin [roughlyenoughitems]/"
[17:49:17] [Server thread/TRACE] [REI] [REICommonPlugin START] Reloading Section: "reloadable-plugin/ServerDisplayRegistryImpl/DefaultRuntimePlugin of DefaultRuntimePlugin [roughlyenoughitems]/" done in 39.08 μs
[17:49:17] [Server thread/TRACE] [REI] [REICommonPlugin START] Reloading Section: "reloadable-plugin/ServerDisplayRegistryImpl/" done in 436.7 μs
[17:49:17] [Server thread/TRACE] [REI] [REICommonPlugin START] Reloading Section: "reloadable-plugin/FluidSupportProviderImpl/"
[17:49:17] [Server thread/TRACE] [REI] [REICommonPlugin START] Reloading Section: "reloadable-plugin/FluidSupportProviderImpl/DefaultPlugin of DefaultPlugin [roughlyenoughitems]/"
[17:49:17] [Server thread/TRACE] [REI] [REICommonPlugin START] Reloading Section: "reloadable-plugin/FluidSupportProviderImpl/DefaultPlugin of DefaultPlugin [roughlyenoughitems]/" done in 342.5 μs
[17:49:17] [Server thread/TRACE] [REI] [REICommonPlugin START] Reloading Section: "reloadable-plugin/FluidSupportProviderImpl/FabricFluidAPISupportPlugin/"
[17:49:17] [Server thread/TRACE] [REI] [REICommonPlugin START] Reloading Section: "reloadable-plugin/FluidSupportProviderImpl/FabricFluidAPISupportPlugin/" done in 165.7 μs
[17:49:17] [Server thread/TRACE] [REI] [REICommonPlugin START] Reloading Section: "reloadable-plugin/FluidSupportProviderImpl/DefaultRuntimePlugin of DefaultRuntimePlugin [roughlyenoughitems]/"
[17:49:17] [Server thread/TRACE] [REI] [REICommonPlugin START] Reloading Section: "reloadable-plugin/FluidSupportProviderImpl/DefaultRuntimePlugin of DefaultRuntimePlugin [roughlyenoughitems]/" done in 58.54 μs
[17:49:17] [Server thread/TRACE] [REI] [REICommonPlugin START] Reloading Section: "reloadable-plugin/FluidSupportProviderImpl/" done in 975.7 μs
[17:49:17] [Server thread/DEBUG] [REI] ========================================
[17:49:17] [Server thread/DEBUG] [REI] REICommonPlugin ending main-reload for START.
[17:49:17] [Server thread/DEBUG] [REI] ========================================
[17:49:17] [Server thread/TRACE] [REI] [REICommonPlugin START] Reloading Section: "end-reload/"
[17:49:17] [Server thread/TRACE] [REI] [REICommonPlugin START] Reloading Section: "end-reload/SlotAccessorRegistryImpl/"
[17:49:17] [Server thread/TRACE] [REI] [REICommonPlugin START] Reloading Section: "end-reload/SlotAccessorRegistryImpl/" done in 53.74 μs
[17:49:17] [Server thread/TRACE] [REI] [REICommonPlugin START] Reloading Section: "end-reload/EntryTypeRegistryImpl/"
[17:49:17] [Server thread/TRACE] [REI] [REICommonPlugin START] Reloading Section: "end-reload/EntryTypeRegistryImpl/" done in 41.12 μs
[17:49:17] [Server thread/TRACE] [REI] [REICommonPlugin START] Reloading Section: "end-reload/EntrySettingsAdapterRegistryImpl/"
[17:49:17] [Server thread/TRACE] [REI] [REICommonPlugin START] Reloading Section: "end-reload/EntrySettingsAdapterRegistryImpl/" done in 36.39 μs
[17:49:17] [Server thread/TRACE] [REI] [REICommonPlugin START] Reloading Section: "end-reload/ItemComparatorRegistryImpl/"
[17:49:17] [Server thread/TRACE] [REI] [REICommonPlugin START] Reloading Section: "end-reload/ItemComparatorRegistryImpl/" done in 36.32 μs
[17:49:17] [Server thread/TRACE] [REI] [REICommonPlugin START] Reloading Section: "end-reload/FluidComparatorRegistryImpl/"
[17:49:17] [Server thread/TRACE] [REI] [REICommonPlugin START] Reloading Section: "end-reload/FluidComparatorRegistryImpl/" done in 38.25 μs
[17:49:17] [Server thread/TRACE] [REI] [REICommonPlugin START] Reloading Section: "end-reload/DisplaySerializerRegistryImpl/"
[17:49:17] [Server thread/TRACE] [REI] [REICommonPlugin START] Reloading Section: "end-reload/DisplaySerializerRegistryImpl/" done in 35.83 μs
[17:49:17] [Server thread/TRACE] [REI] [REICommonPlugin START] Reloading Section: "end-reload/ServerDisplayRegistryImpl/"
[17:49:17] [Server thread/TRACE] [REI] [REICommonPlugin START] Reloading Section: "end-reload/ServerDisplayRegistryImpl/" done in 50.37 μs
[17:49:17] [Server thread/TRACE] [REI] [REICommonPlugin START] Reloading Section: "end-reload/FluidSupportProviderImpl/"
[17:49:17] [Server thread/TRACE] [REI] [REICommonPlugin START] Reloading Section: "end-reload/FluidSupportProviderImpl/" done in 37.48 μs
[17:49:17] [Server thread/TRACE] [REI] [REICommonPlugin START] Reloading Section: "end-reload/" done in 1.152 ms
[17:49:17] [Server thread/DEBUG] [REI] ========================================
[17:49:17] [Server thread/DEBUG] [REI] REICommonPlugin ended main-reload for START in 53.48 ms.
[17:49:17] [Server thread/DEBUG] [REI] ========================================
[17:49:17] [Server thread/DEBUG] [REI] ========================================
[17:49:17] [Server thread/DEBUG] [REI] REICommonPlugin starting post-reload for START.
[17:49:17] [Server thread/DEBUG] [REI] Reloadables (8):
[17:49:17] [Server thread/DEBUG] [REI]  - SlotAccessorRegistryImpl
[17:49:17] [Server thread/DEBUG] [REI]  - EntryTypeRegistryImpl
[17:49:17] [Server thread/DEBUG] [REI]  - EntrySettingsAdapterRegistryImpl
[17:49:17] [Server thread/DEBUG] [REI]  - ItemComparatorRegistryImpl
[17:49:17] [Server thread/DEBUG] [REI]  - FluidComparatorRegistryImpl
[17:49:17] [Server thread/DEBUG] [REI]  - DisplaySerializerRegistryImpl
[17:49:17] [Server thread/DEBUG] [REI]  - ServerDisplayRegistryImpl
[17:49:17] [Server thread/DEBUG] [REI]  - FluidSupportProviderImpl
[17:49:17] [Server thread/DEBUG] [REI] Plugins (3):
[17:49:17] [Server thread/DEBUG] [REI]  - (-100.00) DefaultPlugin of DefaultPlugin [roughlyenoughitems]
[17:49:17] [Server thread/DEBUG] [REI]  - (0.00) FabricFluidAPISupportPlugin
[17:49:17] [Server thread/DEBUG] [REI]  - (0.00) DefaultRuntimePlugin of DefaultRuntimePlugin [roughlyenoughitems]
[17:49:17] [Server thread/DEBUG] [REI] ========================================
[17:49:17] [Server thread/TRACE] [REI] [REICommonPlugin START] Reloading Section: "post-register/"
[17:49:17] [Server thread/TRACE] [REI] [REICommonPlugin START] Reloading Section: "post-register/DefaultPlugin of DefaultPlugin [roughlyenoughitems]/"
[17:49:17] [Server thread/TRACE] [REI] [REICommonPlugin START] Reloading Section: "post-register/DefaultPlugin of DefaultPlugin [roughlyenoughitems]/" done in 202.2 μs
[17:49:17] [Server thread/TRACE] [REI] [REICommonPlugin START] Reloading Section: "post-register/FabricFluidAPISupportPlugin/"
[17:49:17] [Server thread/TRACE] [REI] [REICommonPlugin START] Reloading Section: "post-register/FabricFluidAPISupportPlugin/" done in 48.80 μs
[17:49:17] [Server thread/TRACE] [REI] [REICommonPlugin START] Reloading Section: "post-register/DefaultRuntimePlugin of DefaultRuntimePlugin [roughlyenoughitems]/"
[17:49:17] [Server thread/TRACE] [REI] [REICommonPlugin START] Reloading Section: "post-register/DefaultRuntimePlugin of DefaultRuntimePlugin [roughlyenoughitems]/" done in 52.95 μs
[17:49:17] [Server thread/TRACE] [REI] [REICommonPlugin START] Reloading Section: "post-register/" done in 901.8 μs
[17:49:17] [Server thread/TRACE] [REI] [REICommonPlugin START] Reloading Section: "post-stage/"
[17:49:17] [Server thread/TRACE] [REI] [REICommonPlugin START] Reloading Section: "post-stage/SlotAccessorRegistryImpl/"
[17:49:17] [Server thread/TRACE] [REI] [REICommonPlugin START] Reloading Section: "post-stage/SlotAccessorRegistryImpl/" done in 61.82 μs
[17:49:17] [Server thread/TRACE] [REI] [REICommonPlugin START] Reloading Section: "post-stage/EntryTypeRegistryImpl/"
[17:49:17] [Server thread/TRACE] [REI] [REICommonPlugin START] Reloading Section: "post-stage/EntryTypeRegistryImpl/" done in 41.87 μs
[17:49:17] [Server thread/TRACE] [REI] [REICommonPlugin START] Reloading Section: "post-stage/EntrySettingsAdapterRegistryImpl/"
[17:49:17] [Server thread/TRACE] [REI] [REICommonPlugin START] Reloading Section: "post-stage/EntrySettingsAdapterRegistryImpl/" done in 40.76 μs
[17:49:17] [Server thread/TRACE] [REI] [REICommonPlugin START] Reloading Section: "post-stage/ItemComparatorRegistryImpl/"
[17:49:17] [Server thread/TRACE] [REI] [REICommonPlugin START] Reloading Section: "post-stage/ItemComparatorRegistryImpl/" done in 45.22 μs
[17:49:17] [Server thread/TRACE] [REI] [REICommonPlugin START] Reloading Section: "post-stage/FluidComparatorRegistryImpl/"
[17:49:17] [Server thread/TRACE] [REI] [REICommonPlugin START] Reloading Section: "post-stage/FluidComparatorRegistryImpl/" done in 42.32 μs
[17:49:17] [Server thread/TRACE] [REI] [REICommonPlugin START] Reloading Section: "post-stage/DisplaySerializerRegistryImpl/"
[17:49:17] [Server thread/TRACE] [REI] [REICommonPlugin START] Reloading Section: "post-stage/DisplaySerializerRegistryImpl/" done in 40.27 μs
[17:49:17] [Server thread/TRACE] [REI] [REICommonPlugin START] Reloading Section: "post-stage/ServerDisplayRegistryImpl/"
[17:49:17] [Server thread/TRACE] [REI] [REICommonPlugin START] Reloading Section: "post-stage/ServerDisplayRegistryImpl/" done in 42.53 μs
[17:49:17] [Server thread/TRACE] [REI] [REICommonPlugin START] Reloading Section: "post-stage/FluidSupportProviderImpl/"
[17:49:17] [Server thread/TRACE] [REI] [REICommonPlugin START] Reloading Section: "post-stage/FluidSupportProviderImpl/" done in 41.73 μs
[17:49:17] [Server thread/TRACE] [REI] [REICommonPlugin START] Reloading Section: "post-stage/" done in 1.228 ms
[17:49:17] [Server thread/DEBUG] [REI] ========================================
[17:49:17] [Server thread/INFO] [REI] REICommonPlugin finished post-reload for START in 2.297 ms, totaling 63.82 ms.
[17:49:17] [Server thread/DEBUG] [REI] ========================================
[17:49:17] [Server thread/DEBUG] [REI] ========================================
[17:49:17] [Server thread/DEBUG] [REI] REICommonPlugin starting pre-reload for END.
[17:49:17] [Server thread/DEBUG] [REI] Reloadables (8):
[17:49:17] [Server thread/DEBUG] [REI]  - SlotAccessorRegistryImpl
[17:49:17] [Server thread/DEBUG] [REI]  - EntryTypeRegistryImpl
[17:49:17] [Server thread/DEBUG] [REI]  - EntrySettingsAdapterRegistryImpl
[17:49:17] [Server thread/DEBUG] [REI]  - ItemComparatorRegistryImpl
[17:49:17] [Server thread/DEBUG] [REI]  - FluidComparatorRegistryImpl
[17:49:17] [Server thread/DEBUG] [REI]  - DisplaySerializerRegistryImpl
[17:49:17] [Server thread/DEBUG] [REI]  - ServerDisplayRegistryImpl
[17:49:17] [Server thread/DEBUG] [REI]  - FluidSupportProviderImpl
[17:49:17] [Server thread/DEBUG] [REI] Plugins (3):
[17:49:17] [Server thread/DEBUG] [REI]  - (-100.00) DefaultPlugin of DefaultPlugin [roughlyenoughitems]
[17:49:17] [Server thread/DEBUG] [REI]  - (0.00) FabricFluidAPISupportPlugin
[17:49:17] [Server thread/DEBUG] [REI]  - (0.00) DefaultRuntimePlugin of DefaultRuntimePlugin [roughlyenoughitems]
[17:49:17] [Server thread/DEBUG] [REI] ========================================
[17:49:17] [Server thread/TRACE] [REI] [REICommonPlugin END] Reloading Section: "pre-register/"
[17:49:17] [Server thread/TRACE] [REI] [REICommonPlugin END] Reloading Section: "pre-register/DefaultPlugin of DefaultPlugin [roughlyenoughitems]/"
[17:49:17] [Server thread/TRACE] [REI] [REICommonPlugin END] Reloading Section: "pre-register/DefaultPlugin of DefaultPlugin [roughlyenoughitems]/" done in 46.01 μs
[17:49:17] [Server thread/TRACE] [REI] [REICommonPlugin END] Reloading Section: "pre-register/FabricFluidAPISupportPlugin/"
[17:49:17] [Server thread/TRACE] [REI] [REICommonPlugin END] Reloading Section: "pre-register/FabricFluidAPISupportPlugin/" done in 49.18 μs
[17:49:17] [Server thread/TRACE] [REI] [REICommonPlugin END] Reloading Section: "pre-register/DefaultRuntimePlugin of DefaultRuntimePlugin [roughlyenoughitems]/"
[17:49:17] [Server thread/TRACE] [REI] [REICommonPlugin END] Reloading Section: "pre-register/DefaultRuntimePlugin of DefaultRuntimePlugin [roughlyenoughitems]/" done in 39.06 μs
[17:49:17] [Server thread/TRACE] [REI] [REICommonPlugin END] Reloading Section: "pre-register/" done in 501.9 μs
[17:49:17] [Server thread/TRACE] [REI] [REICommonPlugin END] Reloading Section: "pre-stage/"
[17:49:17] [Server thread/TRACE] [REI] [REICommonPlugin END] Reloading Section: "pre-stage/SlotAccessorRegistryImpl/"
[17:49:17] [Server thread/TRACE] [REI] [REICommonPlugin END] Reloading Section: "pre-stage/SlotAccessorRegistryImpl/" done in 27.85 μs
[17:49:17] [Server thread/TRACE] [REI] [REICommonPlugin END] Reloading Section: "pre-stage/EntryTypeRegistryImpl/"
[17:49:17] [Server thread/TRACE] [REI] [REICommonPlugin END] Reloading Section: "pre-stage/EntryTypeRegistryImpl/" done in 37.51 μs
[17:49:17] [Server thread/TRACE] [REI] [REICommonPlugin END] Reloading Section: "pre-stage/EntrySettingsAdapterRegistryImpl/"
[17:49:17] [Server thread/TRACE] [REI] [REICommonPlugin END] Reloading Section: "pre-stage/EntrySettingsAdapterRegistryImpl/" done in 35.46 μs
[17:49:17] [Server thread/TRACE] [REI] [REICommonPlugin END] Reloading Section: "pre-stage/ItemComparatorRegistryImpl/"
[17:49:17] [Server thread/TRACE] [REI] [REICommonPlugin END] Reloading Section: "pre-stage/ItemComparatorRegistryImpl/" done in 33.93 μs
[17:49:17] [Server thread/TRACE] [REI] [REICommonPlugin END] Reloading Section: "pre-stage/FluidComparatorRegistryImpl/"
[17:49:17] [Server thread/TRACE] [REI] [REICommonPlugin END] Reloading Section: "pre-stage/FluidComparatorRegistryImpl/" done in 35.35 μs
[17:49:17] [Server thread/TRACE] [REI] [REICommonPlugin END] Reloading Section: "pre-stage/DisplaySerializerRegistryImpl/"
[17:49:17] [Server thread/TRACE] [REI] [REICommonPlugin END] Reloading Section: "pre-stage/DisplaySerializerRegistryImpl/" done in 33.29 μs
[17:49:17] [Server thread/TRACE] [REI] [REICommonPlugin END] Reloading Section: "pre-stage/ServerDisplayRegistryImpl/"
[17:49:17] [Server thread/TRACE] [REI] [REICommonPlugin END] Reloading Section: "pre-stage/ServerDisplayRegistryImpl/" done in 32.90 μs
[17:49:17] [Server thread/TRACE] [REI] [REICommonPlugin END] Reloading Section: "pre-stage/FluidSupportProviderImpl/"
[17:49:17] [Server thread/TRACE] [REI] [REICommonPlugin END] Reloading Section: "pre-stage/FluidSupportProviderImpl/" done in 31.23 μs
[17:49:17] [Server thread/TRACE] [REI] [REICommonPlugin END] Reloading Section: "pre-stage/" done in 1.048 ms
[17:49:17] [Server thread/DEBUG] [REI] ========================================
[17:49:17] [Server thread/DEBUG] [REI] REICommonPlugin finished pre-reload for END in 1.684 ms.
[17:49:17] [Server thread/DEBUG] [REI] ========================================
[17:49:17] [Server thread/INFO] [REI] ----------------------------------------
[17:49:17] [Server thread/INFO] [REI] REICommonPlugin starting main-reload for END.
[17:49:17] [Server thread/DEBUG] [REI] Reloadables (8):
[17:49:17] [Server thread/DEBUG] [REI]  - SlotAccessorRegistryImpl
[17:49:17] [Server thread/DEBUG] [REI]  - EntryTypeRegistryImpl
[17:49:17] [Server thread/DEBUG] [REI]  - EntrySettingsAdapterRegistryImpl
[17:49:17] [Server thread/DEBUG] [REI]  - ItemComparatorRegistryImpl
[17:49:17] [Server thread/DEBUG] [REI]  - FluidComparatorRegistryImpl
[17:49:17] [Server thread/DEBUG] [REI]  - DisplaySerializerRegistryImpl
[17:49:17] [Server thread/DEBUG] [REI]  - ServerDisplayRegistryImpl
[17:49:17] [Server thread/DEBUG] [REI]  - FluidSupportProviderImpl
[17:49:17] [Server thread/INFO] [REI] Plugins (3):
[17:49:17] [Server thread/INFO] [REI]  - (-100.00) DefaultPlugin of DefaultPlugin [roughlyenoughitems]
[17:49:17] [Server thread/INFO] [REI]  - (0.00) FabricFluidAPISupportPlugin
[17:49:17] [Server thread/INFO] [REI]  - (0.00) DefaultRuntimePlugin of DefaultRuntimePlugin [roughlyenoughitems]
[17:49:17] [Server thread/INFO] [REI] ----------------------------------------
[17:49:17] [Server thread/TRACE] [REI] [REICommonPlugin END] Reloading Section: "start-reload/"
[17:49:17] [Server thread/TRACE] [REI] [REICommonPlugin END] Reloading Section: "start-reload/SlotAccessorRegistryImpl/"
[17:49:17] [Server thread/TRACE] [REI] [REICommonPlugin END] Reloading Section: "start-reload/SlotAccessorRegistryImpl/" done in 78.01 μs
[17:49:17] [Server thread/TRACE] [REI] [REICommonPlugin END] Reloading Section: "start-reload/EntryTypeRegistryImpl/"
[17:49:17] [Server thread/TRACE] [REI] [REICommonPlugin END] Reloading Section: "start-reload/EntryTypeRegistryImpl/" done in 37.72 μs
[17:49:17] [Server thread/TRACE] [REI] [REICommonPlugin END] Reloading Section: "start-reload/EntrySettingsAdapterRegistryImpl/"
[17:49:17] [Server thread/TRACE] [REI] [REICommonPlugin END] Reloading Section: "start-reload/EntrySettingsAdapterRegistryImpl/" done in 37.85 μs
[17:49:17] [Server thread/TRACE] [REI] [REICommonPlugin END] Reloading Section: "start-reload/ItemComparatorRegistryImpl/"
[17:49:17] [Server thread/TRACE] [REI] [REICommonPlugin END] Reloading Section: "start-reload/ItemComparatorRegistryImpl/" done in 35.12 μs
[17:49:17] [Server thread/TRACE] [REI] [REICommonPlugin END] Reloading Section: "start-reload/FluidComparatorRegistryImpl/"
[17:49:17] [Server thread/TRACE] [REI] [REICommonPlugin END] Reloading Section: "start-reload/FluidComparatorRegistryImpl/" done in 37.94 μs
[17:49:17] [Server thread/TRACE] [REI] [REICommonPlugin END] Reloading Section: "start-reload/DisplaySerializerRegistryImpl/"
[17:49:17] [Server thread/TRACE] [REI] [REICommonPlugin END] Reloading Section: "start-reload/DisplaySerializerRegistryImpl/" done in 36.78 μs
[17:49:17] [Server thread/TRACE] [REI] [REICommonPlugin END] Reloading Section: "start-reload/ServerDisplayRegistryImpl/"
[17:49:17] [Server thread/TRACE] [REI] [REICommonPlugin END] Reloading Section: "start-reload/ServerDisplayRegistryImpl/" done in 111.8 μs
[17:49:17] [Server thread/TRACE] [REI] [REICommonPlugin END] Reloading Section: "start-reload/FluidSupportProviderImpl/"
[17:49:17] [Server thread/TRACE] [REI] [REICommonPlugin END] Reloading Section: "start-reload/FluidSupportProviderImpl/" done in 31.83 μs
[17:49:17] [Server thread/TRACE] [REI] [REICommonPlugin END] Reloading Section: "start-reload/" done in 1.098 ms
[17:49:17] [Server thread/DEBUG] [REI] ========================================
[17:49:17] [Server thread/DEBUG] [REI] REICommonPlugin started main-reload for END.
[17:49:17] [Server thread/DEBUG] [REI] ========================================
[17:49:17] [Server thread/TRACE] [REI] [REICommonPlugin END] Reloading Section: "reloadable-plugin/SlotAccessorRegistryImpl/"
[17:49:17] [Server thread/TRACE] [REI] [REICommonPlugin END] Reloading Section: "reloadable-plugin/SlotAccessorRegistryImpl/DefaultPlugin of DefaultPlugin [roughlyenoughitems]/"
[17:49:17] [Server thread/TRACE] [REI] [REICommonPlugin END] Reloading Section: "reloadable-plugin/SlotAccessorRegistryImpl/DefaultPlugin of DefaultPlugin [roughlyenoughitems]/" done in 58.77 μs
[17:49:17] [Server thread/TRACE] [REI] [REICommonPlugin END] Reloading Section: "reloadable-plugin/SlotAccessorRegistryImpl/FabricFluidAPISupportPlugin/"
[17:49:17] [Server thread/TRACE] [REI] [REICommonPlugin END] Reloading Section: "reloadable-plugin/SlotAccessorRegistryImpl/FabricFluidAPISupportPlugin/" done in 46.84 μs
[17:49:17] [Server thread/TRACE] [REI] [REICommonPlugin END] Reloading Section: "reloadable-plugin/SlotAccessorRegistryImpl/DefaultRuntimePlugin of DefaultRuntimePlugin [roughlyenoughitems]/"
[17:49:17] [Server thread/DEBUG] [REI] Added slot accessor serializer: me.shedaniel.rei.plugin.common.runtime.DefaultRuntimePlugin$1@3a1abe43 [roughlyenoughitems:vanilla]
[17:49:17] [Server thread/DEBUG] [REI] Added slot accessor serializer: me.shedaniel.rei.plugin.common.runtime.DefaultRuntimePlugin$2@2699c54b [roughlyenoughitems:player]
[17:49:17] [Server thread/TRACE] [REI] [REICommonPlugin END] Reloading Section: "reloadable-plugin/SlotAccessorRegistryImpl/DefaultRuntimePlugin of DefaultRuntimePlugin [roughlyenoughitems]/" done in 1.359 ms
[17:49:17] [Server thread/TRACE] [REI] [REICommonPlugin END] Reloading Section: "reloadable-plugin/SlotAccessorRegistryImpl/" done in 1.790 ms
[17:49:17] [Server thread/TRACE] [REI] [REICommonPlugin END] Reloading Section: "reloadable-plugin/EntryTypeRegistryImpl/"
[17:49:17] [Server thread/TRACE] [REI] [REICommonPlugin END] Reloading Section: "reloadable-plugin/EntryTypeRegistryImpl/DefaultPlugin of DefaultPlugin [roughlyenoughitems]/"
[17:49:17] [Server thread/TRACE] [REI] [REICommonPlugin END] Reloading Section: "reloadable-plugin/EntryTypeRegistryImpl/DefaultPlugin of DefaultPlugin [roughlyenoughitems]/" done in 42.97 μs
[17:49:17] [Server thread/TRACE] [REI] [REICommonPlugin END] Reloading Section: "reloadable-plugin/EntryTypeRegistryImpl/FabricFluidAPISupportPlugin/"
[17:49:17] [Server thread/TRACE] [REI] [REICommonPlugin END] Reloading Section: "reloadable-plugin/EntryTypeRegistryImpl/FabricFluidAPISupportPlugin/" done in 44.24 μs
[17:49:17] [Server thread/TRACE] [REI] [REICommonPlugin END] Reloading Section: "reloadable-plugin/EntryTypeRegistryImpl/DefaultRuntimePlugin of DefaultRuntimePlugin [roughlyenoughitems]/"
[17:49:17] [Server thread/TRACE] [REI] [REICommonPlugin END] Reloading Section: "reloadable-plugin/EntryTypeRegistryImpl/DefaultRuntimePlugin of DefaultRuntimePlugin [roughlyenoughitems]/" done in 45.99 μs
[17:49:17] [Server thread/TRACE] [REI] [REICommonPlugin END] Reloading Section: "reloadable-plugin/EntryTypeRegistryImpl/" done in 435.8 μs
[17:49:17] [Server thread/TRACE] [REI] [REICommonPlugin END] Reloading Section: "reloadable-plugin/EntrySettingsAdapterRegistryImpl/"
[17:49:17] [Server thread/TRACE] [REI] [REICommonPlugin END] Reloading Section: "reloadable-plugin/EntrySettingsAdapterRegistryImpl/DefaultPlugin of DefaultPlugin [roughlyenoughitems]/"
[17:49:17] [Server thread/TRACE] [REI] [REICommonPlugin END] Reloading Section: "reloadable-plugin/EntrySettingsAdapterRegistryImpl/DefaultPlugin of DefaultPlugin [roughlyenoughitems]/" done in 44.88 μs
[17:49:17] [Server thread/TRACE] [REI] [REICommonPlugin END] Reloading Section: "reloadable-plugin/EntrySettingsAdapterRegistryImpl/FabricFluidAPISupportPlugin/"
[17:49:17] [Server thread/TRACE] [REI] [REICommonPlugin END] Reloading Section: "reloadable-plugin/EntrySettingsAdapterRegistryImpl/FabricFluidAPISupportPlugin/" done in 36.06 μs
[17:49:17] [Server thread/TRACE] [REI] [REICommonPlugin END] Reloading Section: "reloadable-plugin/EntrySettingsAdapterRegistryImpl/DefaultRuntimePlugin of DefaultRuntimePlugin [roughlyenoughitems]/"
[17:49:17] [Server thread/TRACE] [REI] [REICommonPlugin END] Reloading Section: "reloadable-plugin/EntrySettingsAdapterRegistryImpl/DefaultRuntimePlugin of DefaultRuntimePlugin [roughlyenoughitems]/" done in 36.66 μs
[17:49:17] [Server thread/TRACE] [REI] [REICommonPlugin END] Reloading Section: "reloadable-plugin/EntrySettingsAdapterRegistryImpl/" done in 398.7 μs
[17:49:17] [Server thread/TRACE] [REI] [REICommonPlugin END] Reloading Section: "reloadable-plugin/ItemComparatorRegistryImpl/"
[17:49:17] [Server thread/TRACE] [REI] [REICommonPlugin END] Reloading Section: "reloadable-plugin/ItemComparatorRegistryImpl/DefaultPlugin of DefaultPlugin [roughlyenoughitems]/"
[17:49:17] [Server thread/TRACE] [REI] [REICommonPlugin END] Reloading Section: "reloadable-plugin/ItemComparatorRegistryImpl/DefaultPlugin of DefaultPlugin [roughlyenoughitems]/" done in 44.45 μs
[17:49:17] [Server thread/TRACE] [REI] [REICommonPlugin END] Reloading Section: "reloadable-plugin/ItemComparatorRegistryImpl/FabricFluidAPISupportPlugin/"
[17:49:17] [Server thread/TRACE] [REI] [REICommonPlugin END] Reloading Section: "reloadable-plugin/ItemComparatorRegistryImpl/FabricFluidAPISupportPlugin/" done in 45.78 μs
[17:49:17] [Server thread/TRACE] [REI] [REICommonPlugin END] Reloading Section: "reloadable-plugin/ItemComparatorRegistryImpl/DefaultRuntimePlugin of DefaultRuntimePlugin [roughlyenoughitems]/"
[17:49:17] [Server thread/TRACE] [REI] [REICommonPlugin END] Reloading Section: "reloadable-plugin/ItemComparatorRegistryImpl/DefaultRuntimePlugin of DefaultRuntimePlugin [roughlyenoughitems]/" done in 32.32 μs
[17:49:17] [Server thread/TRACE] [REI] [REICommonPlugin END] Reloading Section: "reloadable-plugin/ItemComparatorRegistryImpl/" done in 383.8 μs
[17:49:17] [Server thread/TRACE] [REI] [REICommonPlugin END] Reloading Section: "reloadable-plugin/FluidComparatorRegistryImpl/"
[17:49:17] [Server thread/TRACE] [REI] [REICommonPlugin END] Reloading Section: "reloadable-plugin/FluidComparatorRegistryImpl/DefaultPlugin of DefaultPlugin [roughlyenoughitems]/"
[17:49:17] [Server thread/TRACE] [REI] [REICommonPlugin END] Reloading Section: "reloadable-plugin/FluidComparatorRegistryImpl/DefaultPlugin of DefaultPlugin [roughlyenoughitems]/" done in 46.41 μs
[17:49:17] [Server thread/TRACE] [REI] [REICommonPlugin END] Reloading Section: "reloadable-plugin/FluidComparatorRegistryImpl/FabricFluidAPISupportPlugin/"
[17:49:17] [Server thread/TRACE] [REI] [REICommonPlugin END] Reloading Section: "reloadable-plugin/FluidComparatorRegistryImpl/FabricFluidAPISupportPlugin/" done in 41.73 μs
[17:49:17] [Server thread/TRACE] [REI] [REICommonPlugin END] Reloading Section: "reloadable-plugin/FluidComparatorRegistryImpl/DefaultRuntimePlugin of DefaultRuntimePlugin [roughlyenoughitems]/"
[17:49:17] [Server thread/TRACE] [REI] [REICommonPlugin END] Reloading Section: "reloadable-plugin/FluidComparatorRegistryImpl/DefaultRuntimePlugin of DefaultRuntimePlugin [roughlyenoughitems]/" done in 55.78 μs
[17:49:17] [Server thread/TRACE] [REI] [REICommonPlugin END] Reloading Section: "reloadable-plugin/FluidComparatorRegistryImpl/" done in 423.2 μs
[17:49:17] [Server thread/TRACE] [REI] [REICommonPlugin END] Reloading Section: "reloadable-plugin/DisplaySerializerRegistryImpl/"
[17:49:17] [Server thread/TRACE] [REI] [REICommonPlugin END] Reloading Section: "reloadable-plugin/DisplaySerializerRegistryImpl/DefaultPlugin of DefaultPlugin [roughlyenoughitems]/"
[17:49:17] [Server thread/TRACE] [REI] [REICommonPlugin END] Reloading Section: "reloadable-plugin/DisplaySerializerRegistryImpl/DefaultPlugin of DefaultPlugin [roughlyenoughitems]/" done in 37.86 μs
[17:49:17] [Server thread/TRACE] [REI] [REICommonPlugin END] Reloading Section: "reloadable-plugin/DisplaySerializerRegistryImpl/FabricFluidAPISupportPlugin/"
[17:49:17] [Server thread/TRACE] [REI] [REICommonPlugin END] Reloading Section: "reloadable-plugin/DisplaySerializerRegistryImpl/FabricFluidAPISupportPlugin/" done in 43.22 μs
[17:49:17] [Server thread/TRACE] [REI] [REICommonPlugin END] Reloading Section: "reloadable-plugin/DisplaySerializerRegistryImpl/DefaultRuntimePlugin of DefaultRuntimePlugin [roughlyenoughitems]/"
[17:49:17] [Server thread/TRACE] [REI] [REICommonPlugin END] Reloading Section: "reloadable-plugin/DisplaySerializerRegistryImpl/DefaultRuntimePlugin of DefaultRuntimePlugin [roughlyenoughitems]/" done in 73.88 μs
[17:49:17] [Server thread/TRACE] [REI] [REICommonPlugin END] Reloading Section: "reloadable-plugin/DisplaySerializerRegistryImpl/" done in 476.8 μs
[17:49:17] [Server thread/TRACE] [REI] [REICommonPlugin END] Reloading Section: "reloadable-plugin/ServerDisplayRegistryImpl/"
[17:49:17] [Server thread/TRACE] [REI] [REICommonPlugin END] Reloading Section: "reloadable-plugin/ServerDisplayRegistryImpl/DefaultPlugin of DefaultPlugin [roughlyenoughitems]/"
[17:49:17] [Server thread/DEBUG] [REI] Added display filter: me.shedaniel.rei.api.common.registry.display.DisplayConsumer$RecipeManagerConsumer$RecipeFillerBuilder$$Lambda/0x000074fc314bafa8@4d801241
[17:49:17] [Server thread/DEBUG] [REI] Added display filter: me.shedaniel.rei.api.common.registry.display.DisplayConsumer$RecipeManagerConsumer$RecipeFillerBuilder$$Lambda/0x000074fc314bafa8@bd07602
[17:49:17] [Server thread/DEBUG] [REI] Added display filter: me.shedaniel.rei.api.common.registry.display.DisplayConsumer$RecipeManagerConsumer$RecipeFillerBuilder$$Lambda/0x000074fc314bafa8@3255a6af
[17:49:17] [Server thread/DEBUG] [REI] Added display filter: me.shedaniel.rei.api.common.registry.display.DisplayConsumer$RecipeManagerConsumer$RecipeFillerBuilder$$Lambda/0x000074fc314bafa8@6017c39f
[17:49:17] [Server thread/DEBUG] [REI] Added display filter: me.shedaniel.rei.api.common.registry.display.DisplayConsumer$RecipeManagerConsumer$RecipeFillerBuilder$$Lambda/0x000074fc314bafa8@5540f327
[17:49:17] [Server thread/DEBUG] [REI] Added display filter: me.shedaniel.rei.api.common.registry.display.DisplayConsumer$RecipeManagerConsumer$RecipeFillerBuilder$$Lambda/0x000074fc314bafa8@1dbb01da
[17:49:17] [Server thread/DEBUG] [REI] Added display filter: me.shedaniel.rei.api.common.registry.display.DisplayConsumer$RecipeManagerConsumer$RecipeFillerBuilder$$Lambda/0x000074fc314bafa8@7f9fd67e
[17:49:17] [Server thread/DEBUG] [REI] Added display filter: me.shedaniel.rei.api.common.registry.display.DisplayConsumer$RecipeManagerConsumer$RecipeFillerBuilder$$Lambda/0x000074fc314bc790@24074de
[17:49:17] [Server thread/DEBUG] [REI] Added display filter: me.shedaniel.rei.api.common.registry.display.DisplayConsumer$RecipeManagerConsumer$RecipeFillerBuilder$$Lambda/0x000074fc314bc790@1529bc8f
[17:49:17] [Server thread/DEBUG] [REI] Added display filter: me.shedaniel.rei.api.common.registry.display.DisplayConsumer$RecipeManagerConsumer$RecipeFillerBuilder$$Lambda/0x000074fc314bc790@441b5634
[17:49:17] [Server thread/DEBUG] [REI] Added display filter: me.shedaniel.rei.api.common.registry.display.DisplayConsumer$RecipeManagerConsumer$RecipeFillerBuilder$$Lambda/0x000074fc314bc790@2ce9726a
[17:49:17] [Server thread/DEBUG] [REI] Added display filter: me.shedaniel.rei.api.common.registry.display.DisplayConsumer$RecipeManagerConsumer$RecipeFillerBuilder$$Lambda/0x000074fc314bc790@2d8e05ad
[17:49:17] [Server thread/DEBUG] [REI] Added display filter: me.shedaniel.rei.api.common.registry.display.DisplayConsumer$RecipeManagerConsumer$RecipeFillerBuilder$$Lambda/0x000074fc314bc790@759b0957
[17:49:17] [Server thread/DEBUG] [REI] Added display filter: me.shedaniel.rei.api.common.registry.display.DisplayConsumer$RecipeManagerConsumer$RecipeFillerBuilder$$Lambda/0x000074fc314bc790@6baf4b26
[17:49:17] [Server thread/DEBUG] [REI] Added display filter: me.shedaniel.rei.api.common.registry.display.DisplayConsumer$RecipeManagerConsumer$RecipeFillerBuilder$$Lambda/0x000074fc314bc790@c321e1b
[17:49:17] [Server thread/DEBUG] [REI] Added display filter: me.shedaniel.rei.api.common.registry.display.DisplayConsumer$RecipeManagerConsumer$RecipeFillerBuilder$$Lambda/0x000074fc314bc790@51ccc15d
[17:49:17] [Server thread/TRACE] [REI] [REICommonPlugin END] Reloading Section: "reloadable-plugin/ServerDisplayRegistryImpl/DefaultPlugin of DefaultPlugin [roughlyenoughitems]/" done in 3.694 ms
[17:49:17] [Server thread/TRACE] [REI] [REICommonPlugin END] Reloading Section: "reloadable-plugin/ServerDisplayRegistryImpl/FabricFluidAPISupportPlugin/"
[17:49:17] [Server thread/TRACE] [REI] [REICommonPlugin END] Reloading Section: "reloadable-plugin/ServerDisplayRegistryImpl/FabricFluidAPISupportPlugin/" done in 42.84 μs
[17:49:17] [Server thread/TRACE] [REI] [REICommonPlugin END] Reloading Section: "reloadable-plugin/ServerDisplayRegistryImpl/DefaultRuntimePlugin of DefaultRuntimePlugin [roughlyenoughitems]/"
[17:49:17] [Server thread/TRACE] [REI] [REICommonPlugin END] Reloading Section: "reloadable-plugin/ServerDisplayRegistryImpl/DefaultRuntimePlugin of DefaultRuntimePlugin [roughlyenoughitems]/" done in 38.66 μs
[17:49:17] [Server thread/TRACE] [REI] [REICommonPlugin END] Reloading Section: "reloadable-plugin/ServerDisplayRegistryImpl/" done in 4.060 ms
[17:49:17] [Server thread/TRACE] [REI] [REICommonPlugin END] Reloading Section: "reloadable-plugin/FluidSupportProviderImpl/"
[17:49:17] [Server thread/TRACE] [REI] [REICommonPlugin END] Reloading Section: "reloadable-plugin/FluidSupportProviderImpl/DefaultPlugin of DefaultPlugin [roughlyenoughitems]/"
[17:49:17] [Server thread/TRACE] [REI] [REICommonPlugin END] Reloading Section: "reloadable-plugin/FluidSupportProviderImpl/DefaultPlugin of DefaultPlugin [roughlyenoughitems]/" done in 39.52 μs
[17:49:17] [Server thread/TRACE] [REI] [REICommonPlugin END] Reloading Section: "reloadable-plugin/FluidSupportProviderImpl/FabricFluidAPISupportPlugin/"
[17:49:17] [Server thread/TRACE] [REI] [REICommonPlugin END] Reloading Section: "reloadable-plugin/FluidSupportProviderImpl/FabricFluidAPISupportPlugin/" done in 52.84 μs
[17:49:17] [Server thread/TRACE] [REI] [REICommonPlugin END] Reloading Section: "reloadable-plugin/FluidSupportProviderImpl/DefaultRuntimePlugin of DefaultRuntimePlugin [roughlyenoughitems]/"
[17:49:17] [Server thread/TRACE] [REI] [REICommonPlugin END] Reloading Section: "reloadable-plugin/FluidSupportProviderImpl/DefaultRuntimePlugin of DefaultRuntimePlugin [roughlyenoughitems]/" done in 59.25 μs
[17:49:17] [Server thread/TRACE] [REI] [REICommonPlugin END] Reloading Section: "reloadable-plugin/FluidSupportProviderImpl/" done in 444.6 μs
[17:49:17] [Server thread/DEBUG] [REI] ========================================
[17:49:17] [Server thread/DEBUG] [REI] REICommonPlugin ending main-reload for END.
[17:49:17] [Server thread/DEBUG] [REI] ========================================
[17:49:17] [Server thread/TRACE] [REI] [REICommonPlugin END] Reloading Section: "end-reload/"
[17:49:17] [Server thread/TRACE] [REI] [REICommonPlugin END] Reloading Section: "end-reload/SlotAccessorRegistryImpl/"
[17:49:17] [Server thread/DEBUG] [REI] Registered 2 slot accessor serializers
[17:49:17] [Server thread/TRACE] [REI] [REICommonPlugin END] Reloading Section: "end-reload/SlotAccessorRegistryImpl/" done in 93.59 μs
[17:49:17] [Server thread/TRACE] [REI] [REICommonPlugin END] Reloading Section: "end-reload/EntryTypeRegistryImpl/"
[17:49:17] [Server thread/TRACE] [REI] [REICommonPlugin END] Reloading Section: "end-reload/EntryTypeRegistryImpl/" done in 35.35 μs
[17:49:17] [Server thread/TRACE] [REI] [REICommonPlugin END] Reloading Section: "end-reload/EntrySettingsAdapterRegistryImpl/"
[17:49:17] [Server thread/TRACE] [REI] [REICommonPlugin END] Reloading Section: "end-reload/EntrySettingsAdapterRegistryImpl/" done in 35.53 μs
[17:49:17] [Server thread/TRACE] [REI] [REICommonPlugin END] Reloading Section: "end-reload/ItemComparatorRegistryImpl/"
[17:49:17] [Server thread/TRACE] [REI] [REICommonPlugin END] Reloading Section: "end-reload/ItemComparatorRegistryImpl/" done in 56.62 μs
[17:49:17] [Server thread/TRACE] [REI] [REICommonPlugin END] Reloading Section: "end-reload/FluidComparatorRegistryImpl/"
[17:49:17] [Server thread/TRACE] [REI] [REICommonPlugin END] Reloading Section: "end-reload/FluidComparatorRegistryImpl/" done in 28.67 μs
[17:49:17] [Server thread/TRACE] [REI] [REICommonPlugin END] Reloading Section: "end-reload/DisplaySerializerRegistryImpl/"
[17:49:17] [Server thread/TRACE] [REI] [REICommonPlugin END] Reloading Section: "end-reload/DisplaySerializerRegistryImpl/" done in 14.24 μs
[17:49:17] [Server thread/TRACE] [REI] [REICommonPlugin END] Reloading Section: "end-reload/ServerDisplayRegistryImpl/"
[17:49:17] [Server thread/DEBUG] [REI] Found preliminary 0 displays
[17:49:17] [Server thread/DEBUG] [REI] Filled 2381 displays from recipe manager in 67.70 ms
[17:49:17] [Server thread/TRACE] [REI] [REICommonPlugin END] Reloading Section: "end-reload/ServerDisplayRegistryImpl/" done in 68.02 ms
[17:49:17] [Server thread/TRACE] [REI] [REICommonPlugin END] Reloading Section: "end-reload/FluidSupportProviderImpl/"
[17:49:17] [Server thread/TRACE] [REI] [REICommonPlugin END] Reloading Section: "end-reload/FluidSupportProviderImpl/" done in 55.62 μs
[17:49:17] [Server thread/TRACE] [REI] [REICommonPlugin END] Reloading Section: "end-reload/" done in 68.96 ms
[17:49:17] [Server thread/DEBUG] [REI] ========================================
[17:49:17] [Server thread/DEBUG] [REI] REICommonPlugin ended main-reload for END in 81.20 ms.
[17:49:17] [Server thread/DEBUG] [REI] ========================================
[17:49:17] [Server thread/DEBUG] [REI] ========================================
[17:49:17] [Server thread/DEBUG] [REI] REICommonPlugin starting post-reload for END.
[17:49:17] [Server thread/DEBUG] [REI] Reloadables (8):
[17:49:17] [Server thread/DEBUG] [REI]  - SlotAccessorRegistryImpl
[17:49:17] [Server thread/DEBUG] [REI]  - EntryTypeRegistryImpl
[17:49:17] [Server thread/DEBUG] [REI]  - EntrySettingsAdapterRegistryImpl
[17:49:17] [Server thread/DEBUG] [REI]  - ItemComparatorRegistryImpl
[17:49:17] [Server thread/DEBUG] [REI]  - FluidComparatorRegistryImpl
[17:49:17] [Server thread/DEBUG] [REI]  - DisplaySerializerRegistryImpl
[17:49:17] [Server thread/DEBUG] [REI]  - ServerDisplayRegistryImpl
[17:49:17] [Server thread/DEBUG] [REI]  - FluidSupportProviderImpl
[17:49:17] [Server thread/DEBUG] [REI] Plugins (3):
[17:49:17] [Server thread/DEBUG] [REI]  - (-100.00) DefaultPlugin of DefaultPlugin [roughlyenoughitems]
[17:49:17] [Server thread/DEBUG] [REI]  - (0.00) FabricFluidAPISupportPlugin
[17:49:17] [Server thread/DEBUG] [REI]  - (0.00) DefaultRuntimePlugin of DefaultRuntimePlugin [roughlyenoughitems]
[17:49:17] [Server thread/DEBUG] [REI] ========================================
[17:49:17] [Server thread/TRACE] [REI] [REICommonPlugin END] Reloading Section: "post-register/"
[17:49:17] [Server thread/TRACE] [REI] [REICommonPlugin END] Reloading Section: "post-register/DefaultPlugin of DefaultPlugin [roughlyenoughitems]/"
[17:49:17] [Server thread/TRACE] [REI] [REICommonPlugin END] Reloading Section: "post-register/DefaultPlugin of DefaultPlugin [roughlyenoughitems]/" done in 69.13 μs
[17:49:17] [Server thread/TRACE] [REI] [REICommonPlugin END] Reloading Section: "post-register/FabricFluidAPISupportPlugin/"
[17:49:17] [Server thread/TRACE] [REI] [REICommonPlugin END] Reloading Section: "post-register/FabricFluidAPISupportPlugin/" done in 33.03 μs
[17:49:17] [Server thread/TRACE] [REI] [REICommonPlugin END] Reloading Section: "post-register/DefaultRuntimePlugin of DefaultRuntimePlugin [roughlyenoughitems]/"
[17:49:17] [Server thread/TRACE] [REI] [REICommonPlugin END] Reloading Section: "post-register/DefaultRuntimePlugin of DefaultRuntimePlugin [roughlyenoughitems]/" done in 35.19 μs
[17:49:17] [Server thread/TRACE] [REI] [REICommonPlugin END] Reloading Section: "post-register/" done in 423.3 μs
[17:49:17] [Server thread/TRACE] [REI] [REICommonPlugin END] Reloading Section: "post-stage/"
[17:49:17] [Server thread/TRACE] [REI] [REICommonPlugin END] Reloading Section: "post-stage/SlotAccessorRegistryImpl/"
[17:49:17] [Server thread/TRACE] [REI] [REICommonPlugin END] Reloading Section: "post-stage/SlotAccessorRegistryImpl/" done in 28.24 μs
[17:49:17] [Server thread/TRACE] [REI] [REICommonPlugin END] Reloading Section: "post-stage/EntryTypeRegistryImpl/"
[17:49:17] [Server thread/TRACE] [REI] [REICommonPlugin END] Reloading Section: "post-stage/EntryTypeRegistryImpl/" done in 31.80 μs
[17:49:17] [Server thread/TRACE] [REI] [REICommonPlugin END] Reloading Section: "post-stage/EntrySettingsAdapterRegistryImpl/"
[17:49:17] [Server thread/TRACE] [REI] [REICommonPlugin END] Reloading Section: "post-stage/EntrySettingsAdapterRegistryImpl/" done in 30.53 μs
[17:49:17] [Server thread/TRACE] [REI] [REICommonPlugin END] Reloading Section: "post-stage/ItemComparatorRegistryImpl/"
[17:49:17] [Server thread/TRACE] [REI] [REICommonPlugin END] Reloading Section: "post-stage/ItemComparatorRegistryImpl/" done in 26.22 μs
[17:49:17] [Server thread/TRACE] [REI] [REICommonPlugin END] Reloading Section: "post-stage/FluidComparatorRegistryImpl/"
[17:49:17] [Server thread/TRACE] [REI] [REICommonPlugin END] Reloading Section: "post-stage/FluidComparatorRegistryImpl/" done in 29.33 μs
[17:49:17] [Server thread/TRACE] [REI] [REICommonPlugin END] Reloading Section: "post-stage/DisplaySerializerRegistryImpl/"
[17:49:17] [Server thread/TRACE] [REI] [REICommonPlugin END] Reloading Section: "post-stage/DisplaySerializerRegistryImpl/" done in 33.06 μs
[17:49:17] [Server thread/TRACE] [REI] [REICommonPlugin END] Reloading Section: "post-stage/ServerDisplayRegistryImpl/"
[17:49:17] [Server thread/TRACE] [REI] [REICommonPlugin END] Reloading Section: "post-stage/ServerDisplayRegistryImpl/" done in 20.28 μs
[17:49:17] [Server thread/TRACE] [REI] [REICommonPlugin END] Reloading Section: "post-stage/FluidSupportProviderImpl/"
[17:49:17] [Server thread/TRACE] [REI] [REICommonPlugin END] Reloading Section: "post-stage/FluidSupportProviderImpl/" done in 17.72 μs
[17:49:17] [Server thread/TRACE] [REI] [REICommonPlugin END] Reloading Section: "post-stage/" done in 710.5 μs
[17:49:17] [Server thread/DEBUG] [REI] ========================================
[17:49:17] [Server thread/INFO] [REI] REICommonPlugin finished post-reload for END in 1.224 ms, totaling 84.08 ms.
[17:49:17] [Server thread/DEBUG] [REI] ========================================
[17:49:17] [Server thread/DEBUG] [REI] Updating players with new displays version 1C26FB5B00000001 [from 1C26FB5B00000000]
[17:52:12] [Server thread/DEBUG] [REI] Player R has outdated displays version 0 [latest version: 1C26FB5B00000001]
[17:52:12] [Server thread/DEBUG] [REI] Player R has outdated displays version 0 [latest version: 1C26FB5B00000001], sending reset packet request.
[17:56:51] [Server thread/DEBUG] [REI] Player R has outdated displays version 0 [latest version: 1C26FB5B00000001]
[17:56:51] [Server thread/DEBUG] [REI] Player R has outdated displays version 0 [latest version: 1C26FB5B00000001], sending reset packet request.
